2026/05/31 14:56:33 [notice] 1#1: using the "epoll" event method
2026/05/31 14:56:33 [notice] 1#1: nginx/1.31.1
2026/05/31 14:56:33 [notice] 1#1: built by gcc 15.2.0 (Alpine 15.2.0) 
2026/05/31 14:56:33 [notice] 1#1: OS: Linux 6.6.114.1-microsoft-standard-WSL2
2026/05/31 14:56:33 [notice] 1#1: getrlimit(RLIMIT_NOFILE): 1048576:1048576
2026/05/31 14:56:33 [notice] 1#1: start worker processes
2026/05/31 14:56:33 [notice] 1#1: start worker process 29
2026/05/31 14:56:33 [notice] 1#1: start worker process 30
2026/05/31 14:56:33 [notice] 1#1: start worker process 31
2026/05/31 14:56:33 [notice] 1#1: start worker process 32
2026/05/31 14:56:33 [notice] 1#1: start worker process 33
2026/05/31 14:56:33 [notice] 1#1: start worker process 34
2026/05/31 14:56:33 [notice] 1#1: start worker process 35
2026/05/31 14:56:33 [notice] 1#1: start worker process 36
2026/05/31 15:02:27 [notice] 1#1: signal 3 (SIGQUIT) received, shutting down
2026/05/31 15:02:27 [notice] 29#29: gracefully shutting down
2026/05/31 15:02:27 [notice] 32#32: gracefully shutting down
2026/05/31 15:02:27 [notice] 36#36: gracefully shutting down
2026/05/31 15:02:27 [notice] 35#35: gracefully shutting down
2026/05/31 15:02:27 [notice] 33#33: gracefully shutting down
2026/05/31 15:02:27 [notice] 34#34: gracefully shutting down
2026/05/31 15:02:27 [notice] 31#31: gracefully shutting down
2026/05/31 15:02:27 [notice] 30#30: gracefully shutting down
2026/05/31 15:02:27 [notice] 29#29: exiting
2026/05/31 15:02:27 [notice] 32#32: exiting
2026/05/31 15:02:27 [notice] 35#35: exiting
2026/05/31 15:02:27 [notice] 36#36: exiting
2026/05/31 15:02:27 [notice] 33#33: exiting
2026/05/31 15:02:27 [notice] 34#34: exiting
2026/05/31 15:02:27 [notice] 31#31: exiting
2026/05/31 15:02:27 [notice] 35#35: exit
2026/05/31 15:02:27 [notice] 30#30: exiting
2026/05/31 15:02:27 [notice] 32#32: exit
2026/05/31 15:02:27 [notice] 33#33: exit
2026/05/31 15:02:27 [notice] 29#29: exit
2026/05/31 15:02:27 [notice] 36#36: exit
2026/05/31 15:02:27 [notice] 34#34: exit
2026/05/31 15:02:27 [notice] 30#30: exit
2026/05/31 15:02:27 [notice] 31#31: exit
2026/05/31 15:02:27 [notice] 1#1: signal 17 (SIGCHLD) received from 32
2026/05/31 15:02:27 [notice] 1#1: worker process 32 exited with code 0
2026/05/31 15:02:27 [notice] 1#1: signal 29 (SIGIO) received
2026/05/31 15:02:27 [notice] 1#1: signal 17 (SIGCHLD) received from 33
2026/05/31 15:02:27 [notice] 1#1: worker process 31 exited with code 0
2026/05/31 15:02:27 [notice] 1#1: worker process 33 exited with code 0
2026/05/31 15:02:27 [notice] 1#1: worker process 34 exited with code 0
2026/05/31 15:02:27 [notice] 1#1: worker process 36 exited with code 0
2026/05/31 15:02:27 [notice] 1#1: signal 29 (SIGIO) received
2026/05/31 15:02:27 [notice] 1#1: signal 17 (SIGCHLD) received from 36
2026/05/31 15:02:27 [notice] 1#1: signal 17 (SIGCHLD) received from 29
2026/05/31 15:02:27 [notice] 1#1: worker process 29 exited with code 0
2026/05/31 15:02:27 [notice] 1#1: signal 29 (SIGIO) received
2026/05/31 15:02:27 [notice] 1#1: signal 17 (SIGCHLD) received from 30
2026/05/31 15:02:27 [notice] 1#1: worker process 30 exited with code 0
2026/05/31 15:02:27 [notice] 1#1: worker process 35 exited with code 0
2026/05/31 15:02:27 [notice] 1#1: exit
2026/05/31 16:22:15 [notice] 1#1: using the "epoll" event method
2026/05/31 16:22:15 [notice] 1#1: nginx/1.31.1
2026/05/31 16:22:15 [notice] 1#1: built by gcc 15.2.0 (Alpine 15.2.0) 
2026/05/31 16:22:15 [notice] 1#1: OS: Linux 6.6.114.1-microsoft-standard-WSL2
2026/05/31 16:22:15 [notice] 1#1: getrlimit(RLIMIT_NOFILE): 1048576:1048576
2026/05/31 16:22:15 [notice] 1#1: start worker processes
2026/05/31 16:22:15 [notice] 1#1: start worker process 29
2026/05/31 16:22:15 [notice] 1#1: start worker process 30
2026/05/31 16:22:15 [notice] 1#1: start worker process 31
2026/05/31 16:22:15 [notice] 1#1: start worker process 32
2026/05/31 16:22:15 [notice] 1#1: start worker process 33
2026/05/31 16:22:15 [notice] 1#1: start worker process 34
2026/05/31 16:22:15 [notice] 1#1: start worker process 35
2026/05/31 16:22:15 [notice] 1#1: start worker process 36
2026/05/31 16:24:03 [error] 36#36: *8 open() "/usr/share/nginx/html/about.htmlhttp:/localhost:8080/style.css" failed (2: No such file or directory), client: 172.18.0.1, server: localhost, request: "GET /about.htmlhttp://localhost:8080/style.css HTTP/1.1", host: "localhost:8080", referrer: "http://localhost:8080/about.htmlhttp://localhost:8080/status.html"
2026/05/31 16:24:03 [error] 35#35: *7 open() "/usr/share/nginx/html/about.htmlhttp:/localhost:8080/script.js" failed (2: No such file or directory), client: 172.18.0.1, server: localhost, request: "GET /about.htmlhttp://localhost:8080/script.js HTTP/1.1", host: "localhost:8080", referrer: "http://localhost:8080/about.htmlhttp://localhost:8080/status.html"
2026/05/31 16:29:35 [notice] 1#1: signal 3 (SIGQUIT) received, shutting down
2026/05/31 16:29:35 [notice] 29#29: gracefully shutting down
2026/05/31 16:29:35 [notice] 34#34: gracefully shutting down
2026/05/31 16:29:35 [notice] 33#33: gracefully shutting down
2026/05/31 16:29:35 [notice] 30#30: gracefully shutting down
2026/05/31 16:29:35 [notice] 31#31: gracefully shutting down
2026/05/31 16:29:35 [notice] 36#36: gracefully shutting down
2026/05/31 16:29:35 [notice] 35#35: gracefully shutting down
2026/05/31 16:29:35 [notice] 32#32: gracefully shutting down
2026/05/31 16:29:35 [notice] 34#34: exiting
2026/05/31 16:29:35 [notice] 33#33: exiting
2026/05/31 16:29:35 [notice] 30#30: exiting
2026/05/31 16:29:35 [notice] 36#36: exiting
2026/05/31 16:29:35 [notice] 31#31: exiting
2026/05/31 16:29:35 [notice] 35#35: exiting
2026/05/31 16:29:35 [notice] 32#32: exiting
2026/05/31 16:29:35 [notice] 34#34: exit
2026/05/31 16:29:35 [notice] 36#36: exit
2026/05/31 16:29:35 [notice] 30#30: exit
2026/05/31 16:29:35 [notice] 33#33: exit
2026/05/31 16:29:35 [notice] 31#31: exit
2026/05/31 16:29:35 [notice] 32#32: exit
2026/05/31 16:29:35 [notice] 35#35: exit
2026/05/31 16:29:35 [notice] 1#1: signal 17 (SIGCHLD) received from 30
2026/05/31 16:29:35 [notice] 1#1: worker process 30 exited with code 0
2026/05/31 16:29:35 [notice] 1#1: worker process 31 exited with code 0
2026/05/31 16:29:35 [notice] 1#1: worker process 32 exited with code 0
2026/05/31 16:29:35 [notice] 1#1: worker process 33 exited with code 0
2026/05/31 16:29:35 [notice] 1#1: worker process 34 exited with code 0
2026/05/31 16:29:35 [notice] 1#1: worker process 35 exited with code 0
2026/05/31 16:29:35 [notice] 1#1: signal 29 (SIGIO) received
2026/05/31 16:29:35 [notice] 1#1: signal 17 (SIGCHLD) received from 31
2026/05/31 16:29:35 [notice] 1#1: signal 17 (SIGCHLD) received from 36
2026/05/31 16:29:35 [notice] 1#1: worker process 36 exited with code 0
2026/05/31 16:29:35 [notice] 1#1: signal 29 (SIGIO) received
2026/05/31 16:30:17 [notice] 1#1: using the "epoll" event method
2026/05/31 16:30:17 [notice] 1#1: nginx/1.31.1
2026/05/31 16:30:17 [notice] 1#1: built by gcc 15.2.0 (Alpine 15.2.0) 
2026/05/31 16:30:17 [notice] 1#1: OS: Linux 6.6.114.1-microsoft-standard-WSL2
2026/05/31 16:30:17 [notice] 1#1: getrlimit(RLIMIT_NOFILE): 1048576:1048576
2026/05/31 16:30:17 [notice] 1#1: start worker processes
2026/05/31 16:30:17 [notice] 1#1: start worker process 29
2026/05/31 16:30:17 [notice] 1#1: start worker process 30
2026/05/31 16:30:17 [notice] 1#1: start worker process 31
2026/05/31 16:30:17 [notice] 1#1: start worker process 32
2026/05/31 16:30:17 [notice] 1#1: start worker process 33
2026/05/31 16:30:17 [notice] 1#1: start worker process 34
2026/05/31 16:30:17 [notice] 1#1: start worker process 35
2026/05/31 16:30:17 [notice] 1#1: start worker process 36
2026/05/31 16:39:12 [notice] 1#1: signal 3 (SIGQUIT) received, shutting down
2026/05/31 16:39:12 [notice] 29#29: gracefully shutting down
2026/05/31 16:39:12 [notice] 33#33: gracefully shutting down
2026/05/31 16:39:12 [notice] 30#30: gracefully shutting down
2026/05/31 16:39:12 [notice] 32#32: gracefully shutting down
2026/05/31 16:39:12 [notice] 33#33: exiting
2026/05/31 16:39:12 [notice] 35#35: gracefully shutting down
2026/05/31 16:39:12 [notice] 34#34: gracefully shutting down
2026/05/31 16:39:12 [notice] 31#31: gracefully shutting down
2026/05/31 16:39:12 [notice] 29#29: exiting
2026/05/31 16:39:12 [notice] 36#36: gracefully shutting down
2026/05/31 16:39:12 [notice] 30#30: exiting
2026/05/31 16:39:12 [notice] 32#32: exiting
2026/05/31 16:39:12 [notice] 29#29: exit
2026/05/31 16:39:12 [notice] 35#35: exiting
2026/05/31 16:39:12 [notice] 31#31: exiting
2026/05/31 16:39:12 [notice] 34#34: exiting
2026/05/31 16:39:12 [notice] 33#33: exit
2026/05/31 16:39:12 [notice] 36#36: exiting
2026/05/31 16:39:12 [notice] 30#30: exit
2026/05/31 16:39:12 [notice] 35#35: exit
2026/05/31 16:39:12 [notice] 32#32: exit
2026/05/31 16:39:12 [notice] 31#31: exit
2026/05/31 16:39:12 [notice] 34#34: exit
2026/05/31 16:39:12 [notice] 36#36: exit
2026/05/31 16:39:12 [notice] 1#1: signal 17 (SIGCHLD) received from 34
2026/05/31 16:39:12 [notice] 1#1: worker process 34 exited with code 0
2026/05/31 16:39:12 [notice] 1#1: signal 29 (SIGIO) received
2026/05/31 16:39:12 [notice] 1#1: signal 17 (SIGCHLD) received from 35
2026/05/31 16:39:12 [notice] 1#1: worker process 35 exited with code 0
2026/05/31 16:39:12 [notice] 1#1: signal 29 (SIGIO) received
2026/05/31 16:39:12 [notice] 1#1: signal 17 (SIGCHLD) received from 33
2026/05/31 16:39:12 [notice] 1#1: worker process 33 exited with code 0
2026/05/31 16:39:12 [notice] 1#1: worker process 30 exited with code 0
2026/05/31 16:39:12 [notice] 1#1: worker process 31 exited with code 0
2026/05/31 16:39:12 [notice] 1#1: signal 29 (SIGIO) received
2026/05/31 16:39:12 [notice] 1#1: signal 17 (SIGCHLD) received from 31
2026/05/31 16:39:12 [notice] 1#1: signal 17 (SIGCHLD) received from 36
2026/05/31 16:39:12 [notice] 1#1: worker process 32 exited with code 0
2026/05/31 16:39:12 [notice] 1#1: worker process 36 exited with code 0
2026/05/31 16:39:12 [notice] 1#1: signal 29 (SIGIO) received
2026/05/31 16:39:12 [notice] 1#1: signal 17 (SIGCHLD) received from 29
2026/05/31 16:39:12 [notice] 1#1: worker process 29 exited with code 0
2026/05/31 16:39:12 [notice] 1#1: exit
2026/05/31 16:39:32 [notice] 1#1: using the "epoll" event method
2026/05/31 16:39:32 [notice] 1#1: nginx/1.31.1
2026/05/31 16:39:32 [notice] 1#1: built by gcc 15.2.0 (Alpine 15.2.0) 
2026/05/31 16:39:32 [notice] 1#1: OS: Linux 6.6.114.1-microsoft-standard-WSL2
2026/05/31 16:39:32 [notice] 1#1: getrlimit(RLIMIT_NOFILE): 1048576:1048576
2026/05/31 16:39:32 [notice] 1#1: start worker processes
2026/05/31 16:39:32 [notice] 1#1: start worker process 29
2026/05/31 16:39:32 [notice] 1#1: start worker process 30
2026/05/31 16:39:32 [notice] 1#1: start worker process 31
2026/05/31 16:39:32 [notice] 1#1: start worker process 32
2026/05/31 16:39:32 [notice] 1#1: start worker process 33
2026/05/31 16:39:32 [notice] 1#1: start worker process 34
2026/05/31 16:39:32 [notice] 1#1: start worker process 35
2026/05/31 16:39:32 [notice] 1#1: start worker process 36
2026/05/31 16:39:51 [notice] 1#1: signal 3 (SIGQUIT) received, shutting down
2026/05/31 16:39:51 [notice] 29#29: gracefully shutting down
2026/05/31 16:39:51 [notice] 32#32: gracefully shutting down
2026/05/31 16:39:51 [notice] 32#32: exiting
2026/05/31 16:39:51 [notice] 35#35: gracefully shutting down
2026/05/31 16:39:51 [notice] 30#30: gracefully shutting down
2026/05/31 16:39:51 [notice] 32#32: exit
2026/05/31 16:39:51 [notice] 34#34: gracefully shutting down
2026/05/31 16:39:51 [notice] 31#31: gracefully shutting down
2026/05/31 16:39:51 [notice] 33#33: gracefully shutting down
2026/05/31 16:39:51 [notice] 34#34: exiting
2026/05/31 16:39:51 [notice] 34#34: exit
2026/05/31 16:39:51 [notice] 29#29: exiting
2026/05/31 16:39:51 [notice] 29#29: exit
2026/05/31 16:39:51 [notice] 36#36: gracefully shutting down
2026/05/31 16:39:51 [notice] 35#35: exiting
2026/05/31 16:39:51 [notice] 30#30: exiting
2026/05/31 16:39:51 [notice] 36#36: exiting
2026/05/31 16:39:51 [notice] 31#31: exiting
2026/05/31 16:39:51 [notice] 33#33: exiting
2026/05/31 16:39:51 [notice] 35#35: exit
2026/05/31 16:39:51 [notice] 30#30: exit
2026/05/31 16:39:51 [notice] 36#36: exit
2026/05/31 16:39:51 [notice] 31#31: exit
2026/05/31 16:39:51 [notice] 33#33: exit
2026/05/31 16:39:51 [notice] 1#1: signal 17 (SIGCHLD) received from 34
2026/05/31 16:39:51 [notice] 1#1: worker process 34 exited with code 0
2026/05/31 16:39:51 [notice] 1#1: signal 29 (SIGIO) received
2026/05/31 16:39:51 [notice] 1#1: signal 17 (SIGCHLD) received from 36
2026/05/31 16:39:51 [notice] 1#1: worker process 32 exited with code 0
2026/05/31 16:39:51 [notice] 1#1: worker process 36 exited with code 0
2026/05/31 16:39:51 [notice] 1#1: signal 29 (SIGIO) received
2026/05/31 16:39:51 [notice] 1#1: signal 17 (SIGCHLD) received from 32
2026/05/31 16:39:51 [notice] 1#1: signal 17 (SIGCHLD) received from 33
2026/05/31 16:39:51 [notice] 1#1: worker process 30 exited with code 0
2026/05/31 16:39:51 [notice] 1#1: worker process 33 exited with code 0
2026/05/31 16:39:51 [notice] 1#1: signal 29 (SIGIO) received
2026/05/31 16:39:51 [notice] 1#1: signal 17 (SIGCHLD) received from 30
2026/05/31 16:39:51 [notice] 1#1: signal 17 (SIGCHLD) received from 35
2026/05/31 16:39:51 [notice] 1#1: worker process 29 exited with code 0
2026/05/31 16:39:51 [notice] 1#1: worker process 31 exited with code 0
2026/05/31 16:39:51 [notice] 1#1: worker process 35 exited with code 0
2026/05/31 16:39:51 [notice] 1#1: exit
2026/05/31 16:39:52 [notice] 1#1: using the "epoll" event method
2026/05/31 16:39:52 [notice] 1#1: nginx/1.31.1
2026/05/31 16:39:52 [notice] 1#1: built by gcc 15.2.0 (Alpine 15.2.0) 
2026/05/31 16:39:52 [notice] 1#1: OS: Linux 6.6.114.1-microsoft-standard-WSL2
2026/05/31 16:39:52 [notice] 1#1: getrlimit(RLIMIT_NOFILE): 1048576:1048576
2026/05/31 16:39:52 [notice] 1#1: start worker processes
2026/05/31 16:39:52 [notice] 1#1: start worker process 29
2026/05/31 16:39:52 [notice] 1#1: start worker process 30
2026/05/31 16:39:52 [notice] 1#1: start worker process 31
2026/05/31 16:39:52 [notice] 1#1: start worker process 32
2026/05/31 16:39:52 [notice] 1#1: start worker process 33
2026/05/31 16:39:52 [notice] 1#1: start worker process 34
2026/05/31 16:39:52 [notice] 1#1: start worker process 35
2026/05/31 16:39:52 [notice] 1#1: start worker process 36
2026/05/31 16:43:33 [notice] 1#1: signal 3 (SIGQUIT) received, shutting down
2026/05/31 16:43:33 [notice] 30#30: gracefully shutting down
2026/05/31 16:43:33 [notice] 32#32: gracefully shutting down
2026/05/31 16:43:33 [notice] 33#33: gracefully shutting down
2026/05/31 16:43:33 [notice] 29#29: gracefully shutting down
2026/05/31 16:43:33 [notice] 35#35: gracefully shutting down
2026/05/31 16:43:33 [notice] 34#34: gracefully shutting down
2026/05/31 16:43:33 [notice] 31#31: gracefully shutting down
2026/05/31 16:43:33 [notice] 36#36: gracefully shutting down
2026/05/31 16:43:33 [notice] 32#32: exiting
2026/05/31 16:43:33 [notice] 29#29: exiting
2026/05/31 16:43:33 [notice] 33#33: exiting
2026/05/31 16:43:33 [notice] 30#30: exiting
2026/05/31 16:43:33 [notice] 36#36: exiting
2026/05/31 16:43:33 [notice] 34#34: exiting
2026/05/31 16:43:33 [notice] 35#35: exiting
2026/05/31 16:43:33 [notice] 31#31: exiting
2026/05/31 16:43:33 [notice] 34#34: exit
2026/05/31 16:43:33 [notice] 32#32: exit
2026/05/31 16:43:33 [notice] 30#30: exit
2026/05/31 16:43:33 [notice] 36#36: exit
2026/05/31 16:43:33 [notice] 29#29: exit
2026/05/31 16:43:33 [notice] 33#33: exit
2026/05/31 16:43:33 [notice] 35#35: exit
2026/05/31 16:43:33 [notice] 31#31: exit
2026/05/31 16:43:33 [notice] 1#1: signal 17 (SIGCHLD) received from 35
2026/05/31 16:43:33 [notice] 1#1: worker process 29 exited with code 0
2026/05/31 16:43:33 [notice] 1#1: worker process 35 exited with code 0
2026/05/31 16:43:33 [notice] 1#1: worker process 36 exited with code 0
2026/05/31 16:43:33 [notice] 1#1: signal 29 (SIGIO) received
2026/05/31 16:43:33 [notice] 1#1: signal 17 (SIGCHLD) received from 33
2026/05/31 16:43:33 [notice] 1#1: worker process 30 exited with code 0
2026/05/31 16:43:33 [notice] 1#1: worker process 32 exited with code 0
2026/05/31 16:43:33 [notice] 1#1: worker process 33 exited with code 0
2026/05/31 16:43:33 [notice] 1#1: worker process 31 exited with code 0
2026/05/31 16:43:33 [notice] 1#1: worker process 34 exited with code 0
2026/05/31 16:43:33 [notice] 1#1: signal 17 (SIGCHLD) received from 30
2026/05/31 16:43:33 [notice] 1#1: exit
2026/05/31 16:45:00 [notice] 1#1: using the "epoll" event method
2026/05/31 16:45:00 [notice] 1#1: nginx/1.31.1
2026/05/31 16:45:00 [notice] 1#1: built by gcc 15.2.0 (Alpine 15.2.0) 
2026/05/31 16:45:00 [notice] 1#1: OS: Linux 6.6.114.1-microsoft-standard-WSL2
2026/05/31 16:45:00 [notice] 1#1: getrlimit(RLIMIT_NOFILE): 1048576:1048576
2026/05/31 16:45:00 [notice] 1#1: start worker processes
2026/05/31 16:45:00 [notice] 1#1: start worker process 30
2026/05/31 16:45:00 [notice] 1#1: start worker process 31
2026/05/31 16:45:00 [notice] 1#1: start worker process 32
2026/05/31 16:45:00 [notice] 1#1: start worker process 33
2026/05/31 16:45:00 [notice] 1#1: start worker process 34
2026/05/31 16:45:00 [notice] 1#1: start worker process 35
2026/05/31 16:45:00 [notice] 1#1: start worker process 36
2026/05/31 16:45:00 [notice] 1#1: start worker process 37
2026/05/31 16:54:10 [notice] 1#1: signal 3 (SIGQUIT) received, shutting down
2026/05/31 16:54:10 [notice] 30#30: gracefully shutting down
2026/05/31 16:54:10 [notice] 32#32: gracefully shutting down
2026/05/31 16:54:10 [notice] 36#36: gracefully shutting down
2026/05/31 16:54:10 [notice] 31#31: gracefully shutting down
2026/05/31 16:54:10 [notice] 37#37: gracefully shutting down
2026/05/31 16:54:10 [notice] 34#34: gracefully shutting down
2026/05/31 16:54:10 [notice] 35#35: gracefully shutting down
2026/05/31 16:54:10 [notice] 30#30: exiting
2026/05/31 16:54:10 [notice] 32#32: exiting
2026/05/31 16:54:10 [notice] 37#37: exiting
2026/05/31 16:54:10 [notice] 36#36: exiting
2026/05/31 16:54:10 [notice] 34#34: exiting
2026/05/31 16:54:10 [notice] 33#33: gracefully shutting down
2026/05/31 16:54:10 [notice] 31#31: exiting
2026/05/31 16:54:10 [notice] 35#35: exiting
2026/05/31 16:54:10 [notice] 37#37: exit
2026/05/31 16:54:10 [notice] 33#33: exiting
2026/05/31 16:54:10 [notice] 34#34: exit
2026/05/31 16:54:10 [notice] 36#36: exit
2026/05/31 16:54:10 [notice] 30#30: exit
2026/05/31 16:54:10 [notice] 31#31: exit
2026/05/31 16:54:10 [notice] 35#35: exit
2026/05/31 16:54:10 [notice] 32#32: exit
2026/05/31 16:54:10 [notice] 33#33: exit
2026/05/31 16:54:10 [notice] 1#1: signal 17 (SIGCHLD) received from 35
2026/05/31 16:54:10 [notice] 1#1: worker process 35 exited with code 0
2026/05/31 16:54:10 [notice] 1#1: signal 29 (SIGIO) received
2026/05/31 16:54:10 [notice] 1#1: signal 17 (SIGCHLD) received from 36
2026/05/31 16:54:10 [notice] 1#1: worker process 31 exited with code 0
2026/05/31 16:54:10 [notice] 1#1: worker process 32 exited with code 0
2026/05/31 16:54:10 [notice] 1#1: worker process 33 exited with code 0
2026/05/31 16:54:10 [notice] 1#1: worker process 34 exited with code 0
2026/05/31 16:54:10 [notice] 1#1: worker process 36 exited with code 0
2026/05/31 16:54:10 [notice] 1#1: worker process 37 exited with code 0
2026/05/31 16:54:10 [notice] 1#1: signal 29 (SIGIO) received
2026/05/31 16:54:10 [notice] 1#1: signal 17 (SIGCHLD) received from 31
2026/05/31 16:54:10 [notice] 1#1: signal 17 (SIGCHLD) received from 30
2026/05/31 16:54:10 [notice] 1#1: worker process 30 exited with code 0
2026/05/31 16:54:10 [notice] 1#1: exit
2026/05/31 16:54:54 [notice] 1#1: using the "epoll" event method
2026/05/31 16:54:54 [notice] 1#1: nginx/1.31.1
2026/05/31 16:54:54 [notice] 1#1: built by gcc 15.2.0 (Alpine 15.2.0) 
2026/05/31 16:54:54 [notice] 1#1: OS: Linux 6.6.114.1-microsoft-standard-WSL2
2026/05/31 16:54:54 [notice] 1#1: getrlimit(RLIMIT_NOFILE): 1048576:1048576
2026/05/31 16:54:54 [notice] 1#1: start worker processes
2026/05/31 16:54:54 [notice] 1#1: start worker process 30
2026/05/31 16:54:54 [notice] 1#1: start worker process 31
2026/05/31 16:54:54 [notice] 1#1: start worker process 32
2026/05/31 16:54:54 [notice] 1#1: start worker process 33
2026/05/31 16:54:54 [notice] 1#1: start worker process 34
2026/05/31 16:54:54 [notice] 1#1: start worker process 35
2026/05/31 16:54:54 [notice] 1#1: start worker process 36
2026/05/31 16:54:54 [notice] 1#1: start worker process 37
2026/06/01 11:14:08 [notice] 1#1: using the "epoll" event method
2026/06/01 11:14:08 [notice] 1#1: nginx/1.31.1
2026/06/01 11:14:08 [notice] 1#1: built by gcc 15.2.0 (Alpine 15.2.0) 
2026/06/01 11:14:08 [notice] 1#1: OS: Linux 6.6.114.1-microsoft-standard-WSL2
2026/06/01 11:14:08 [notice] 1#1: getrlimit(RLIMIT_NOFILE): 1048576:1048576
2026/06/01 11:14:08 [notice] 1#1: start worker processes
2026/06/01 11:14:08 [notice] 1#1: start worker process 30
2026/06/01 11:14:08 [notice] 1#1: start worker process 31
2026/06/01 11:14:08 [notice] 1#1: start worker process 32
2026/06/01 11:14:08 [notice] 1#1: start worker process 33
2026/06/01 11:14:08 [notice] 1#1: start worker process 34
2026/06/01 11:14:08 [notice] 1#1: start worker process 35
2026/06/01 11:14:08 [notice] 1#1: start worker process 36
2026/06/01 11:14:08 [notice] 1#1: start worker process 37
2026/06/01 11:21:29 [notice] 1#1: signal 3 (SIGQUIT) received, shutting down
2026/06/01 11:21:29 [notice] 32#32: gracefully shutting down
2026/06/01 11:21:29 [notice] 31#31: gracefully shutting down
2026/06/01 11:21:29 [notice] 33#33: gracefully shutting down
2026/06/01 11:21:29 [notice] 30#30: gracefully shutting down
2026/06/01 11:21:29 [notice] 35#35: gracefully shutting down
2026/06/01 11:21:29 [notice] 34#34: gracefully shutting down
2026/06/01 11:21:29 [notice] 37#37: gracefully shutting down
2026/06/01 11:21:29 [notice] 36#36: gracefully shutting down
2026/06/01 11:21:29 [notice] 32#32: exiting
2026/06/01 11:21:29 [notice] 31#31: exiting
2026/06/01 11:21:29 [notice] 30#30: exiting
2026/06/01 11:21:29 [notice] 34#34: exiting
2026/06/01 11:21:29 [notice] 33#33: exiting
2026/06/01 11:21:29 [notice] 35#35: exiting
2026/06/01 11:21:29 [notice] 36#36: exiting
2026/06/01 11:21:29 [notice] 37#37: exiting
2026/06/01 11:21:29 [notice] 34#34: exit
2026/06/01 11:21:29 [notice] 31#31: exit
2026/06/01 11:21:29 [notice] 32#32: exit
2026/06/01 11:21:29 [notice] 30#30: exit
2026/06/01 11:21:29 [notice] 35#35: exit
2026/06/01 11:21:29 [notice] 33#33: exit
2026/06/01 11:21:29 [notice] 37#37: exit
2026/06/01 11:21:29 [notice] 36#36: exit
2026/06/01 11:21:29 [notice] 1#1: signal 17 (SIGCHLD) received from 37
2026/06/01 11:21:29 [notice] 1#1: worker process 30 exited with code 0
2026/06/01 11:21:29 [notice] 1#1: worker process 31 exited with code 0
2026/06/01 11:21:29 [notice] 1#1: worker process 32 exited with code 0
2026/06/01 11:21:29 [notice] 1#1: worker process 33 exited with code 0
2026/06/01 11:21:29 [notice] 1#1: worker process 34 exited with code 0
2026/06/01 11:21:29 [notice] 1#1: worker process 35 exited with code 0
2026/06/01 11:21:29 [notice] 1#1: worker process 36 exited with code 0
2026/06/01 11:21:29 [notice] 1#1: worker process 37 exited with code 0
2026/06/01 11:21:29 [notice] 1#1: exit
2026/06/01 11:23:53 [notice] 1#1: using the "epoll" event method
2026/06/01 11:23:53 [notice] 1#1: nginx/1.31.1
2026/06/01 11:23:53 [notice] 1#1: built by gcc 15.2.0 (Alpine 15.2.0) 
2026/06/01 11:23:53 [notice] 1#1: OS: Linux 6.6.114.1-microsoft-standard-WSL2
2026/06/01 11:23:53 [notice] 1#1: getrlimit(RLIMIT_NOFILE): 1048576:1048576
2026/06/01 11:23:53 [notice] 1#1: start worker processes
2026/06/01 11:23:53 [notice] 1#1: start worker process 29
2026/06/01 11:23:53 [notice] 1#1: start worker process 30
2026/06/01 11:23:53 [notice] 1#1: start worker process 31
2026/06/01 11:23:53 [notice] 1#1: start worker process 32
2026/06/01 11:23:53 [notice] 1#1: start worker process 33
2026/06/01 11:23:53 [notice] 1#1: start worker process 34
2026/06/01 11:23:53 [notice] 1#1: start worker process 35
2026/06/01 11:23:53 [notice] 1#1: start worker process 36
2026/06/01 11:43:59 [notice] 1#1: signal 3 (SIGQUIT) received, shutting down
2026/06/01 11:43:59 [notice] 31#31: gracefully shutting down
2026/06/01 11:43:59 [notice] 29#29: gracefully shutting down
2026/06/01 11:43:59 [notice] 32#32: gracefully shutting down
2026/06/01 11:43:59 [notice] 33#33: gracefully shutting down
2026/06/01 11:43:59 [notice] 35#35: gracefully shutting down
2026/06/01 11:43:59 [notice] 34#34: gracefully shutting down
2026/06/01 11:43:59 [notice] 30#30: gracefully shutting down
2026/06/01 11:43:59 [notice] 36#36: gracefully shutting down
2026/06/01 11:43:59 [notice] 29#29: exiting
2026/06/01 11:43:59 [notice] 31#31: exiting
2026/06/01 11:43:59 [notice] 33#33: exiting
2026/06/01 11:43:59 [notice] 32#32: exiting
2026/06/01 11:43:59 [notice] 34#34: exiting
2026/06/01 11:43:59 [notice] 35#35: exiting
2026/06/01 11:43:59 [notice] 36#36: exiting
2026/06/01 11:43:59 [notice] 30#30: exiting
2026/06/01 11:43:59 [notice] 33#33: exit
2026/06/01 11:43:59 [notice] 32#32: exit
2026/06/01 11:43:59 [notice] 30#30: exit
2026/06/01 11:43:59 [notice] 31#31: exit
2026/06/01 11:43:59 [notice] 36#36: exit
2026/06/01 11:43:59 [notice] 35#35: exit
2026/06/01 11:43:59 [notice] 34#34: exit
2026/06/01 11:43:59 [notice] 29#29: exit
2026/06/01 11:43:59 [notice] 1#1: signal 17 (SIGCHLD) received from 29
2026/06/01 11:43:59 [notice] 1#1: worker process 29 exited with code 0
2026/06/01 11:43:59 [notice] 1#1: signal 29 (SIGIO) received
2026/06/01 11:43:59 [notice] 1#1: signal 17 (SIGCHLD) received from 33
2026/06/01 11:43:59 [notice] 1#1: worker process 30 exited with code 0
2026/06/01 11:43:59 [notice] 1#1: worker process 31 exited with code 0
2026/06/01 11:43:59 [notice] 1#1: worker process 33 exited with code 0
2026/06/01 11:43:59 [notice] 1#1: worker process 34 exited with code 0
2026/06/01 11:43:59 [notice] 1#1: worker process 35 exited with code 0
2026/06/01 11:43:59 [notice] 1#1: signal 29 (SIGIO) received
2026/06/01 11:43:59 [notice] 1#1: signal 17 (SIGCHLD) received from 31
2026/06/01 11:43:59 [notice] 1#1: signal 17 (SIGCHLD) received from 36
2026/06/01 11:43:59 [notice] 1#1: worker process 36 exited with code 0
2026/06/01 11:43:59 [notice] 1#1: signal 29 (SIGIO) received
2026/06/01 11:43:59 [notice] 1#1: signal 17 (SIGCHLD) received from 32
2026/06/01 11:43:59 [notice] 1#1: worker process 32 exited with code 0
2026/06/01 11:43:59 [notice] 1#1: exit
2026/06/01 11:44:22 [notice] 1#1: using the "epoll" event method
2026/06/01 11:44:22 [notice] 1#1: nginx/1.31.1
2026/06/01 11:44:22 [notice] 1#1: built by gcc 15.2.0 (Alpine 15.2.0) 
2026/06/01 11:44:22 [notice] 1#1: OS: Linux 6.6.114.1-microsoft-standard-WSL2
2026/06/01 11:44:22 [notice] 1#1: getrlimit(RLIMIT_NOFILE): 1048576:1048576
2026/06/01 11:44:22 [notice] 1#1: start worker processes
